app/(dashboard)/dashboard/analytics/page.tsx(249,11): error TS2322: Type 'unknown' is not assignable to type 'ReactNode'.
